  console.log


      at log (src/services/productionScheduling.ts:204:11)

  console.log
    ÔòÉÔòÉÔòÉÔòÉÔòÉÔòÉÔòÉÔòÉÔòÉÔòÉÔòÉÔòÉÔòÉÔòÉÔòÉÔòÉÔòÉÔòÉÔòÉÔòÉÔòÉÔòÉÔòÉÔòÉÔòÉÔòÉÔòÉÔòÉÔòÉÔòÉÔòÉÔòÉÔòÉÔòÉÔòÉÔòÉÔòÉÔòÉÔòÉÔòÉÔòÉÔòÉÔòÉÔòÉÔòÉÔòÉÔòÉÔòÉÔòÉÔòÉÔòÉÔòÉÔòÉÔòÉÔòÉÔòÉÔòÉÔòÉÔòÉÔòÉÔòÉÔòÉÔòÉÔòÉÔòÉÔòÉÔòÉÔòÉÔòÉÔòÉÔòÉÔòÉÔòÉÔòÉÔòÉÔòÉÔòÉÔòÉÔòÉÔòÉ

      at log (src/services/productionScheduling.ts:205:11)

  console.log
    ­ƒöì [DISPONIBILIDADE] Verificando disponibilidade de ingredientes

      at log (src/services/productionScheduling.ts:206:11)

  console.log
    ÔòÉÔòÉÔòÉÔòÉÔòÉÔòÉÔòÉÔòÉÔòÉÔòÉÔòÉÔòÉÔòÉÔòÉÔòÉÔòÉÔòÉÔòÉÔòÉÔòÉÔòÉÔòÉÔòÉÔòÉÔòÉÔòÉÔòÉÔòÉÔòÉÔòÉÔòÉÔòÉÔòÉÔòÉÔòÉÔòÉÔòÉÔòÉÔòÉÔòÉÔòÉÔòÉÔòÉÔòÉÔòÉÔòÉÔòÉÔòÉÔòÉÔòÉÔòÉÔòÉÔòÉÔòÉÔòÉÔòÉÔòÉÔòÉÔòÉÔòÉÔòÉÔòÉÔòÉÔòÉÔòÉÔòÉÔòÉÔòÉÔòÉÔòÉÔòÉÔòÉÔòÉÔòÉÔòÉÔòÉÔòÉÔòÉÔòÉÔòÉ

      at log (src/services/productionScheduling.ts:207:11)

  console.log
    ­ƒôï Receita: recipe-vanilla

      at log (src/services/productionScheduling.ts:208:11)

  console.log
    ­ƒôÅ Quantidade: 1000 GRAMS

      at log (src/services/productionScheduling.ts:209:11)

  console.log


      at log (src/services/productionScheduling.ts:213:11)

  console.log
    ­ƒôè [Reservas] Calculando quantidades reservadas...

      at log (src/services/productionScheduling.ts:48:11)

node.exe : FAIL tests/financialSummary.test.ts (6.223 s)
No C:\Program Files\nodejs\npm.ps1:29 caractere:3
+   & $NODE_EXE $NPM_CLI_JS $args
+   ~~~~~~~~~~~~~~~~~~~~~~~~~~~~~
    + CategoryInfo          : NotSpecified: (FAIL tests/fina...st.ts (6.223 s):String) [], RemoteException
    + FullyQualifiedErrorId : NativeCommandError
 
  financial summary & accessories overrides
    ├ù uses global accessories when no override (13 ms)
    ÔêÜ prefers recipe override when present (1 ms)
    ÔêÜ returns zero when outside date range (1 ms)

  ÔùÅ financial summary & accessories overrides ÔÇ║ uses global accessories when no override

    expect(received).toBeCloseTo(expected)

    Expected: 6
    Received: 5.001

    Expected precision:    2
    Expected difference: < 0.005
    Received difference:   0.9989999999999997

    [0m [90m 47 |[39m     [90m// cup: 1 * 0.5 * 10 = 5[39m
     [90m 48 |[39m     [90m// topping: 5g * 0.02 * 10 = 1[39m
    [31m[1m>[22m[39m[90m 49 |[39m     expect(accessoriesCost)[33m.[39mtoBeCloseTo([35m6[39m)[33m;[39m
     [90m    |[39m                             [31m[1m^[22m[39m
     [90m 50 |[39m
     [90m 51 |[39m     [36mconst[39m summary [33m=[39m computeFinancialSummary(
     [90m 52 |[39m       [plan][33m,[39m[0m

      at Object.toBeCloseTo (tests/financialSummary.test.ts:49:29)

ÔÅ▒´©Å 13ms - financial summary & accessories overrides uses global accessories when no override (\tests\financialSummary.test.ts)
ÔÅ▒´©Å 1ms - financial summary & accessories overrides prefers recipe override when present (\tests\financialSummary.test.ts)
ÔÅ▒´©Å 1ms - financial summary & accessories overrides returns zero when outside date range (\tests\financialSummary.test.ts)
  console.log
    ÔòÉÔòÉÔòÉÔòÉÔòÉÔòÉÔòÉÔòÉÔòÉÔòÉÔòÉÔòÉÔòÉÔòÉÔòÉÔòÉÔòÉÔòÉÔòÉÔòÉÔòÉÔòÉÔòÉÔòÉÔòÉÔòÉÔòÉÔòÉÔòÉÔòÉÔòÉÔòÉÔòÉÔòÉÔòÉÔòÉÔòÉÔòÉÔòÉÔòÉÔòÉÔòÉÔòÉÔòÉÔòÉÔòÉÔòÉÔòÉÔòÉÔòÉÔòÉÔòÉÔòÉÔòÉÔòÉÔòÉÔòÉÔòÉÔòÉÔòÉÔòÉÔòÉÔòÉÔòÉÔòÉÔòÉÔòÉÔòÉÔòÉÔòÉÔòÉÔòÉÔòÉÔòÉÔòÉÔòÉÔòÉÔòÉÔòÉÔòÉ

      at log (src/services/productionExecution.ts:98:11)

  console.log
    ­ƒÅ¡ [PRODU├ç├âO] INICIANDO CONCLUS├âO

      at log (src/services/productionExecution.ts:99:11)

  console.log
    ­ƒôï Plano: plan-1

      at log (src/services/productionExecution.ts:100:11)

  console.log
    ­ƒæñ Usu├írio: user-operator

      at log (src/services/productionExecution.ts:101:11)

  console.log
    ÔòÉÔòÉÔòÉÔòÉÔòÉÔòÉÔòÉÔòÉÔòÉÔòÉÔòÉÔòÉÔòÉÔòÉÔòÉÔòÉÔòÉÔòÉÔòÉÔòÉÔòÉÔòÉÔòÉÔòÉÔòÉÔòÉÔòÉÔòÉÔòÉÔòÉÔòÉÔòÉÔòÉÔòÉÔòÉÔòÉÔòÉÔòÉÔòÉÔòÉÔòÉÔòÉÔòÉÔòÉÔòÉÔòÉÔòÉÔòÉÔòÉÔòÉÔòÉÔòÉÔòÉÔòÉÔòÉÔòÉÔòÉÔòÉÔòÉÔòÉÔòÉÔòÉÔòÉÔòÉÔòÉÔòÉÔòÉÔòÉÔòÉÔòÉÔòÉÔòÉÔòÉÔòÉÔòÉÔòÉÔòÉÔòÉÔòÉÔòÉ

      at log (src/services/productionExecution.ts:102:11)

FAIL tests/productionScheduling.test.ts (6.427 s)
  productionScheduling
    ├ù detects shortages when stock is insufficient (105 ms)
    ÔêÜ records availability decision when scheduling with shortages (5 ms)
    ÔêÜ does not create availability record when there is no shortage (1 ms)

  ÔùÅ productionScheduling ÔÇ║ detects shortages when stock is insufficient

    TypeError: (0 , _productionService.listProductionPlans) is not a function

    [0m [90m 49 |[39m
     [90m 50 |[39m   [90m// Buscar todos os planos agendados e em progresso[39m
    [31m[1m>[22m[39m[90m 51 |[39m   [36mconst[39m activePlans [33m=[39m [36mawait[39m listProductionPlans({
     [90m    |[39m                                                [31m[1m^[22m[39m
     [90m 52 |[39m     includeArchived[33m:[39m [36mfalse[39m[33m,[39m
     [90m 53 |[39m     status[33m:[39m [[32m'scheduled'[39m[33m,[39m [32m'in_progress'[39m][33m,[39m
     [90m 54 |[39m   })[33m;[39m[0m

      at src/services/productionScheduling.ts:51:48
      at asyncGeneratorStep (node_modules/@babel/runtime/helpers/asyncToGenerator.js:3:17)
      at _next (node_modules/@babel/runtime/helpers/asyncToGenerator.js:17:9)
      at node_modules/@babel/runtime/helpers/asyncToGenerator.js:22:7
      at node_modules/@babel/runtime/helpers/asyncToGenerator.js:14:12
      at apply (src/services/productionScheduling.ts:93:2)
      at apply (src/services/productionScheduling.ts:43:43)
      at calculateReservedQuantities (src/services/productionScheduling.ts:239:36)
      at asyncGeneratorStep (node_modules/@babel/runtime/helpers/asyncToGenerator.js:3:17)
      at _next (node_modules/@babel/runtime/helpers/asyncToGenerator.js:17:9)

ÔÅ▒´©Å 105ms - productionScheduling detects shortages when stock is insufficient (\tests\productionScheduling.test.ts)
ÔÅ▒´©Å 5ms - productionScheduling records availability decision when scheduling with shortages (\tests\productionScheduling.test.ts)
ÔÅ▒´©Å 1ms - productionScheduling does not create availability record when there is no shortage (\tests\productionScheduling.test.ts)
FAIL tests/productionExecution.test.ts (6.503 s)
  completeProductionPlanWithConsumption
    ├ù consumes estoque e registra diverg├¬ncia quando receita encadeada est├í sem insumos suficientes (88 ms)
    ├ù marca o in├¡cio da execu├º├úo na disponibilidade ao iniciar o plano (1 ms)

  ÔùÅ completeProductionPlanWithConsumption ÔÇ║ consumes estoque e registra diverg├¬ncia quando receita encadeada 
est├í sem insumos suficientes

    TypeError: (0 , _productionService.getProductionPlanById) is not a function

    [0m [90m 102 |[39m   console[33m.[39mlog([32m'ÔòÉ'[39m[33m.[39mrepeat([35m80[39m))[33m;[39m
     [90m 103 |[39m
    [31m[1m>[22m[39m[90m 104 |[39m   [36mconst[39m plan [33m=[39m [36mawait[39m 
getProductionPlanById(planId)[33m;[39m
     [90m     |[39m                                           [31m[1m^[22m[39m
     [90m 105 |[39m   console[33m.[39mlog([32m`Ô£à Plano: ${plan.code} - ${plan.recipeName} 
(${plan.quantityInUnits}g)`[39m)[33m;[39m
     [90m 106 |[39m
     [90m 107 |[39m   [36mconst[39m recipe [33m=[39m [36mawait[39m 
getRecipeById(plan[33m.[39mrecipeId)[33m;[39m[0m

      at src/services/productionExecution.ts:104:43
      at asyncGeneratorStep (node_modules/@babel/runtime/helpers/asyncToGenerator.js:3:17)
      at _next (node_modules/@babel/runtime/helpers/asyncToGenerator.js:17:9)
      at node_modules/@babel/runtime/helpers/asyncToGenerator.js:22:7
      at node_modules/@babel/runtime/helpers/asyncToGenerator.js:14:12
      at apply (src/services/productionExecution.ts:332:2)
      at apply (src/services/productionExecution.ts:88:60)
      at Object.<anonymous> (tests/productionExecution.test.ts:282:63)
      at asyncGeneratorStep (node_modules/@babel/runtime/helpers/asyncToGenerator.js:3:17)
      at _next (node_modules/@babel/runtime/helpers/asyncToGenerator.js:17:9)
      at node_modules/@babel/runtime/helpers/asyncToGenerator.js:22:7
      at Object.<anonymous> (node_modules/@babel/runtime/helpers/asyncToGenerator.js:14:12)

  ÔùÅ completeProductionPlanWithConsumption ÔÇ║ marca o in├¡cio da execu├º├úo na disponibilidade ao iniciar o plano

    TypeError: (0 , _productionService.updateProductionPlan) is not a function

    [0m [90m 54 |[39m )[33m:[39m [33mPromise[39m[33m<[39m[33mProductionPlan[39m[33m>[39m {
     [90m 55 |[39m   [36mconst[39m now [33m=[39m [36mnew[39m [33mDate[39m()[33m;[39m
    [31m[1m>[22m[39m[90m 56 |[39m   [36mconst[39m plan [33m=[39m [36mawait[39m 
updateProductionPlan(planId[33m,[39m {
     [90m    |[39m                                          [31m[1m^[22m[39m
     [90m 57 |[39m     status[33m:[39m [32m'in_progress'[39m[33m,[39m
     [90m 58 |[39m     startedAt[33m:[39m now[33m,[39m
     [90m 59 |[39m   })[33m;[39m[0m

      at src/services/productionExecution.ts:56:42
      at asyncGeneratorStep (node_modules/@babel/runtime/helpers/asyncToGenerator.js:3:17)
      at _next (node_modules/@babel/runtime/helpers/asyncToGenerator.js:17:9)
      at node_modules/@babel/runtime/helpers/asyncToGenerator.js:22:7
      at node_modules/@babel/runtime/helpers/asyncToGenerator.js:14:12
      at apply (src/services/productionExecution.ts:86:2)
      at apply (src/services/productionExecution.ts:52:51)
      at Object.<anonymous> (tests/productionExecution.test.ts:345:39)
      at asyncGeneratorStep (node_modules/@babel/runtime/helpers/asyncToGenerator.js:3:17)
      at _next (node_modules/@babel/runtime/helpers/asyncToGenerator.js:17:9)
      at node_modules/@babel/runtime/helpers/asyncToGenerator.js:22:7
      at Object.<anonymous> (node_modules/@babel/runtime/helpers/asyncToGenerator.js:14:12)

ÔÅ▒´©Å 88ms - completeProductionPlanWithConsumption consumes estoque e registra diverg├¬ncia quando receita encadeada est├í sem insumos suficientes (\tests\productionExecution.test.ts)
ÔÅ▒´©Å 1ms - completeProductionPlanWithConsumption marca o in├¡cio da execu├º├úo na disponibilidade ao iniciar o plano (\tests\productionExecution.test.ts)
FAIL tests/firestore/productsService.test.ts (6.491 s)
  productsService
    ÔêÜ lists active products by default (18 ms)
    ÔêÜ allows including inactive products (1 ms)
    ÔêÜ reads a single product document (2 ms)
    ÔêÜ throws when a product document is missing (18 ms)
    ├ù creates a product with sensible defaults (1 ms)
    ├ù updates a product and re-fetches it (10 ms)
    ÔêÜ archives a product (1 ms)
    ÔêÜ restores a product (1 ms)
    ÔêÜ deletes a product without stock leftovers (4 ms)
    ÔêÜ removes stock items and records adjustment when deleting a product with inventory (1 ms)
    ÔêÜ subscribes to product list updates (1 ms)
    ÔêÜ subscribes to a single product (1 ms)

  ÔùÅ productsService ÔÇ║ creates a product with sensible defaults

    J├í existe um produto com este nome.

    [0m [90m 112 |[39m   [36mconst[39m nameSnapshot [33m=[39m [36mawait[39m getDocs(query(colRef[33m,[39m 
where([32m'name'[39m[33m,[39m [32m'=='[39m[33m,[39m trimmedName)))[33m;[39m
     [90m 113 |[39m   [36mif[39m ([33m![39mnameSnapshot[33m.[39mempty) {
    [31m[1m>[22m[39m[90m 114 |[39m     [36mthrow[39m [36mnew[39m [33mError[39m([32m'J├í existe um produto 
com este nome.'[39m)[33m;[39m
     [90m     |[39m           [31m[1m^[22m[39m
     [90m 115 |[39m   }
     [90m 116 |[39m
     [90m 117 |[39m   [90m// Check duplicate barcode (exact match)[39m[0m

      at src/services/firestore/productsService.ts:114:11
      at asyncGeneratorStep (node_modules/@babel/runtime/helpers/asyncToGenerator.js:3:17)
      at _next (node_modules/@babel/runtime/helpers/asyncToGenerator.js:17:9)

  ÔùÅ productsService ÔÇ║ updates a product and re-fetches it

    expect(received).toMatchObject(expected)

    - Expected  - 1
    + Received  + 1

      Object {
    -   "name": "Baunilha Premium",
    +   "name": "Baunilha",
      }

    [0m [90m 201 |[39m     
expect([33mTimestamp[39m[33m.[39mfromDate)[33m.[39mtoHaveBeenCalledWith(archivedAt)[33m;[39m
     [90m 202 |[39m     expect(getDoc)[33m.[39mtoHaveBeenCalledTimes([35m2[39m)[33m;[39m
    [31m[1m>[22m[39m[90m 203 |[39m     expect(product)[33m.[39mtoMatchObject({ name[33m:[39m [32m'Baunilha 
Premium'[39m })[33m;[39m
     [90m     |[39m                     [31m[1m^[22m[39m
     [90m 204 |[39m   })[33m;[39m
     [90m 205 |[39m
     [90m 206 |[39m   it([32m'archives a product'[39m[33m,[39m [36masync[39m () [33m=>[39m {[0m

      at Object.toMatchObject (tests/firestore/productsService.test.ts:203:21)
      at asyncGeneratorStep (node_modules/@babel/runtime/helpers/asyncToGenerator.js:3:17)
      at _next (node_modules/@babel/runtime/helpers/asyncToGenerator.js:17:9)

ÔÅ▒´©Å 18ms - productsService lists active products by default (\tests\firestore\productsService.test.ts)
ÔÅ▒´©Å 1ms - productsService allows including inactive products (\tests\firestore\productsService.test.ts)
ÔÅ▒´©Å 2ms - productsService reads a single product document (\tests\firestore\productsService.test.ts)
ÔÅ▒´©Å 18ms - productsService throws when a product document is missing (\tests\firestore\productsService.test.ts)
ÔÅ▒´©Å 1ms - productsService creates a product with sensible defaults (\tests\firestore\productsService.test.ts)
ÔÅ▒´©Å 10ms - productsService updates a product and re-fetches it (\tests\firestore\productsService.test.ts)
ÔÅ▒´©Å 1ms - productsService archives a product (\tests\firestore\productsService.test.ts)
ÔÅ▒´©Å 1ms - productsService restores a product (\tests\firestore\productsService.test.ts)
ÔÅ▒´©Å 4ms - productsService deletes a product without stock leftovers (\tests\firestore\productsService.test.ts)
ÔÅ▒´©Å 1ms - productsService removes stock items and records adjustment when deleting a product with inventory (\tests\firestore\productsService.test.ts)
ÔÅ▒´©Å 1ms - productsService subscribes to product list updates (\tests\firestore\productsService.test.ts)
ÔÅ▒´©Å 1ms - productsService subscribes to a single product (\tests\firestore\productsService.test.ts)
  console.log
    ­ƒôª [StockService] Criando item de estoque: {
      productId: 'prod-3',
      quantity: undefined,
      averageUnitCost: undefined,
      highestUnitCost: undefined
    }

      at log (src/services/firestore/stockService.ts:166:11)

  console.log
    Ô£à [StockService] Item criado com ID: stock-new

      at log (src/services/firestore/stockService.ts:188:11)

  console.log
    ­ƒöä [StockService] adjustStockLevel chamado: {
      stockItemId: 'stock-1',
      quantityInGrams: 10,
      type: 'increment',
      totalCostInBRL: 25,
      note: undefined
    }

      at log (src/services/firestore/stockService.ts:368:11)

  console.log
    ­ƒÆ¥ Atualizando estoque: 100g ÔåÆ 110g (increment 10g)

      at log (src/services/firestore/stockService.ts:526:13)

  console.log
    ­ƒôØ Criando movimenta├º├úo: tipo=increment, qty=10g, custo=R$25.00

      at log (src/services/firestore/stockService.ts:532:13)

  console.log
    ­ƒöä [StockService] adjustStockLevel chamado: {
      stockItemId: 'stock-1',
      quantityInGrams: 30,
      type: 'decrement',
      totalCostInBRL: undefined,
      note: undefined
    }

      at log (src/services/firestore/stockService.ts:368:11)

  console.log
    ­ƒÆ¥ Atualizando estoque: 60g ÔåÆ 30g (decrement 30g)

      at log (src/services/firestore/stockService.ts:526:13)

  console.log
    ­ƒôØ Criando movimenta├º├úo: tipo=decrement, qty=30g, custo=R$0.06

      at log (src/services/firestore/stockService.ts:532:13)

  console.log
    ­ƒöä [StockService] adjustStockLevel chamado: {
      stockItemId: 'stock-1',
      quantityInGrams: 10,
      type: 'increment',
      totalCostInBRL: undefined,
      note: undefined
    }

      at log (src/services/firestore/stockService.ts:368:11)

  console.log
    ­ƒöä [StockService] adjustStockLevel chamado: {
      stockItemId: 'stock-1',
      quantityInGrams: 5,
      type: 'decrement',
      totalCostInBRL: undefined,
      note: undefined
    }

      at log (src/services/firestore/stockService.ts:368:11)

  console.log
    ­ƒÆ¥ Atualizando estoque: 10g ÔåÆ 5g (decrement 5g)

      at log (src/services/firestore/stockService.ts:526:13)

  console.log
    ­ƒôØ Criando movimenta├º├úo: tipo=decrement, qty=5g, custo=R$0

      at log (src/services/firestore/stockService.ts:532:13)

  console.log
    [env] EXPO_PUBLIC_FIREBASE_API_KEY = ***alue

      at log (src/utils/env.ts:28:11)

  console.log
    [env] EXPO_PUBLIC_FIREBASE_AUTH_DOMAIN = ***alue

      at log (src/utils/env.ts:28:11)

  console.log
    [env] EXPO_PUBLIC_FIREBASE_PROJECT_ID = ***alue

      at log (src/utils/env.ts:28:11)

  console.log
    [env] EXPO_PUBLIC_FIREBASE_STORAGE_BUCKET = ***alue

      at log (src/utils/env.ts:28:11)

  console.log
    [env] EXPO_PUBLIC_FIREBASE_MESSAGING_SENDER_ID = ***alue

      at log (src/utils/env.ts:28:11)

  console.log
    [env] EXPO_PUBLIC_FIREBASE_APP_ID = ***alue

      at log (src/utils/env.ts:28:11)

  console.log
    [env] EXPO_PUBLIC_FIREBASE_MEASUREMENT_ID = ***t-id

      at log (src/utils/env.ts:28:11)

  console.log
    [env] EXPO_PUBLIC_DEBUG_FIRESTORE_INDEX_HELPER = ***alse

      at log (src/utils/env.ts:28:11)

  console.log
    [env] Firebase config loaded: {
      hasApiKey: true,
      hasAuthDomain: true,
      hasProjectId: true,
      hasStorageBucket: true,
      hasMessagingSenderId: true,
      hasAppId: true
    }

      at Object.log (src/utils/env.ts:74:9)

FAIL tests/firestore/stockService.test.ts (6.954 s)
  stockService
    ÔêÜ lists stock items excluding archived by default (47 ms)
    ÔêÜ filters stock items by product id when provided (1 ms)
    ÔêÜ retrieves a stock item by id (1 ms)
    ÔêÜ throws when stock item snapshot is missing (32 ms)
    ÔêÜ creates a stock item with defaults (115 ms)
    ÔêÜ updates a stock item (1 ms)
    ÔêÜ archives a stock item (1 ms)
    ÔêÜ restores a stock item
    ÔêÜ deletes a stock item (2 ms)
    ÔêÜ lists stock movements with limit (1 ms)
    ÔêÜ records a stock movement using server timestamp when missing (1 ms)
    ├ù adjusts stock level and resolves existing alert when above minimum (29 ms)
    ├ù adjusts stock level below minimum and creates notification (11 ms)
    ÔêÜ throws when total cost is missing for an increment (11 ms)
    ÔêÜ logs when notification creation fails (9 ms)
    ÔêÜ subscribes to stock items, item, and movements (4 ms)

  ÔùÅ stockService ÔÇ║ adjusts stock level and resolves existing alert when above minimum

    expect(received).toMatchObject(expected)

    - Expected  - 1
    + Received  + 1

      Object {
        "averageUnitCostInBRL": Any<Number>,
        "currentQuantityInGrams": 110,
    -   "highestUnitCostInBRL": 2.5,
    +   "highestUnitCostInBRL": 2500,
        "lastMovementId": Any<String>,
      }

    [0m [90m 377 |[39m     expect(result)[33m.[39mtoMatchObject({ id[33m:[39m 
[32m'movement-123'[39m[33m,[39m resultingQuantityInGrams[33m:[39m [35m110[39m })[33m;[39m
     [90m 378 |[39m     expect(transactionUpdate)[33m.[39mtoHaveBeenCalled()[33m;[39m
    [31m[1m>[22m[39m[90m 379 |[39m     
expect(transactionUpdate[33m.[39mmock[33m.[39mcalls[[35m0[39m][[35m1[39m])[33m.[39mtoMatchObject({
     [90m     |[39m                                                [31m[1m^[22m[39m
     [90m 380 |[39m       currentQuantityInGrams[33m:[39m [35m110[39m[33m,[39m
     [90m 381 |[39m       lastMovementId[33m:[39m expect[33m.[39many([33mString[39m)[33m,[39m
     [90m 382 |[39m       highestUnitCostInBRL[33m:[39m [35m2.5[39m[33m,[39m[0m

      at Object.toMatchObject (tests/firestore/stockService.test.ts:379:48)
      at asyncGeneratorStep (node_modules/@babel/runtime/helpers/asyncToGenerator.js:3:17)
      at _next (node_modules/@babel/runtime/helpers/asyncToGenerator.js:17:9)

  ÔùÅ stockService ÔÇ║ adjusts stock level below minimum and creates notification

    expect(received).toBeCloseTo(expected, precision)

    Expected: 60
    Received: 0.06

    Expected precision:    3
    Expected difference: < 0.0005
    Received difference:   59.94

    [0m [90m 436 |[39m     expect(transactionSet)[33m.[39mtoHaveBeenCalled()[33m;[39m
     [90m 437 |[39m     [36mconst[39m movementPayload [33m=[39m 
transactionSet[33m.[39mmock[33m.[39mcalls[[35m0[39m][[35m1[39m] [36mas[39m 
[33mRecord[39m[33m<[39m[33mstring[39m[33m,[39m number[33m>[39m[33m;[39m
    [31m[1m>[22m[39m[90m 438 |[39m     
expect(movementPayload[33m.[39mtotalCostInBRL)[33m.[39mtoBeCloseTo([35m60[39m[33m,[39m [35m3[39m)[33m;[39m
     [90m     |[39m                                            [31m[1m^[22m[39m
     [90m 439 |[39m     expect(movementPayload[33m.[39munitCostInBRL)[33m.[39mtoBeCloseTo([35m2[39m[33m,[39m 
[35m3[39m)[33m;[39m
     [90m 440 |[39m     expect(createNotification)[33m.[39mtoHaveBeenCalledWith(
     [90m 441 |[39m       expect[33m.[39mobjectContaining({[0m

      at Object.toBeCloseTo (tests/firestore/stockService.test.ts:438:44)
      at asyncGeneratorStep (node_modules/@babel/runtime/helpers/asyncToGenerator.js:3:17)
      at _next (node_modules/@babel/runtime/helpers/asyncToGenerator.js:17:9)

ÔÅ▒´©Å 47ms - stockService lists stock items excluding archived by default (\tests\firestore\stockService.test.ts)
ÔÅ▒´©Å 1ms - stockService filters stock items by product id when provided (\tests\firestore\stockService.test.ts)
ÔÅ▒´©Å 1ms - stockService retrieves a stock item by id (\tests\firestore\stockService.test.ts)
ÔÅ▒´©Å 32ms - stockService throws when stock item snapshot is missing (\tests\firestore\stockService.test.ts)
ÔÅ▒´©Å 115ms - stockService creates a stock item with defaults (\tests\firestore\stockService.test.ts)
ÔÅ▒´©Å 1ms - stockService updates a stock item (\tests\firestore\stockService.test.ts)
ÔÅ▒´©Å 1ms - stockService archives a stock item (\tests\firestore\stockService.test.ts)
ÔÅ▒´©Å 0ms - stockService restores a stock item (\tests\firestore\stockService.test.ts)
ÔÅ▒´©Å 2ms - stockService deletes a stock item (\tests\firestore\stockService.test.ts)
ÔÅ▒´©Å 1ms - stockService lists stock movements with limit (\tests\firestore\stockService.test.ts)
ÔÅ▒´©Å 1ms - stockService records a stock movement using server timestamp when missing (\tests\firestore\stockService.test.ts)
ÔÅ▒´©Å 29ms - stockService adjusts stock level and resolves existing alert when above minimum (\tests\firestore\stockService.test.ts)
ÔÅ▒´©Å 11ms - stockService adjusts stock level below minimum and creates notification (\tests\firestore\stockService.test.ts)
ÔÅ▒´©Å 11ms - stockService throws when total cost is missing for an increment (\tests\firestore\stockService.test.ts)
ÔÅ▒´©Å 9ms - stockService logs when notification creation fails (\tests\firestore\stockService.test.ts)
ÔÅ▒´©Å 4ms - stockService subscribes to stock items, item, and movements (\tests\firestore\stockService.test.ts)
  console.log
    [firebase] getFirebaseApp start

      at log (src/services/firebase/index.ts:23:11)

  console.log
    [firebase] existingApp? false

      at log (src/services/firebase/index.ts:30:11)

  console.log
    [firebase] Config to initialize: {
      apiKey: 'test-value...',
      authDomain: 'test-value',
      projectId: 'test-value',
      storageBucket: 'test-value',
      messagingSenderId: 'test-value',
      appId: 'test-value...'
    }

      at log (src/services/firebase/index.ts:48:11)

  console.log
    [firebase] initialized app successfully

      at log (src/services/firebase/index.ts:60:11)

  console.log
    [firebase] Firestore DB initialized

      at log (src/services/firebase/index.ts:105:11)

  console.log
    [recipesService] createRecipe payload {
      name: 'Calda de Morango',
      yieldInGrams: 200,
      ingredientsCount: 0,
      isActive: true,
      hasDescription: false,
      hasInstructions: false
    }

      at log (src/services/firestore/recipesService.ts:115:11)

PASS tests/firestore/recipesService.test.ts
  recipesService
    ÔêÜ lists active recipes by default (4 ms)
    ÔêÜ includes inactive recipes when requested (2 ms)
    ÔêÜ fetches a recipe by id (1 ms)
    ÔêÜ throws when recipe snapshot is missing (20 ms)
    ÔêÜ creates a recipe with default values (8 ms)
    ÔêÜ updates a recipe (4 ms)
    ÔêÜ archives a recipe (1 ms)
    ÔêÜ restores a recipe (1 ms)
    ÔêÜ deletes a recipe (2 ms)
    ÔêÜ subscribes to recipes
    ÔêÜ subscribes to a single recipe (1 ms)

ÔÅ▒´©Å 4ms - recipesService lists active recipes by default (\tests\firestore\recipesService.test.ts)
ÔÅ▒´©Å 2ms - recipesService includes inactive recipes when requested (\tests\firestore\recipesService.test.ts)
ÔÅ▒´©Å 1ms - recipesService fetches a recipe by id (\tests\firestore\recipesService.test.ts)
ÔÅ▒´©Å 20ms - recipesService throws when recipe snapshot is missing (\tests\firestore\recipesService.test.ts)
ÔÅ▒´©Å 8ms - recipesService creates a recipe with default values (\tests\firestore\recipesService.test.ts)
ÔÅ▒´©Å 4ms - recipesService updates a recipe (\tests\firestore\recipesService.test.ts)
ÔÅ▒´©Å 1ms - recipesService archives a recipe (\tests\firestore\recipesService.test.ts)
ÔÅ▒´©Å 1ms - recipesService restores a recipe (\tests\firestore\recipesService.test.ts)
ÔÅ▒´©Å 2ms - recipesService deletes a recipe (\tests\firestore\recipesService.test.ts)
ÔÅ▒´©Å 0ms - recipesService subscribes to recipes (\tests\firestore\recipesService.test.ts)
ÔÅ▒´©Å 1ms - recipesService subscribes to a single recipe (\tests\firestore\recipesService.test.ts)
PASS tests/productionAvailabilityAnalytics.test.ts
  calculateAvailabilityMetrics
    ÔêÜ returns zeroed metrics when there are no records (1 ms)
    ÔêÜ aggregates counts and volumes across records (1 ms)
    ÔêÜ prefers confirmedAt when determining the last check timestamp

ÔÅ▒´©Å 1ms - calculateAvailabilityMetrics returns zeroed metrics when there are no records (\tests\productionAvailabilityAnalytics.test.ts)
ÔÅ▒´©Å 1ms - calculateAvailabilityMetrics aggregates counts and volumes across records (\tests\productionAvailabilityAnalytics.test.ts)
ÔÅ▒´©Å 0ms - calculateAvailabilityMetrics prefers confirmedAt when determining the last check timestamp (\tests\productionAvailabilityAnalytics.test.ts)
FAIL tests/authPersistence.test.ts
  getFirebaseAuth
    ├ù configures React Native persistence when initializing auth (5 ms)
    ├ù reuses the cached auth instance within the same launch (1 ms)
    ├ù configures persistence again on a new launch (module reload)
    ├ù falls back to getAuth when initializeAuth throws (1 ms)

  ÔùÅ getFirebaseAuth ÔÇ║ configures React Native persistence when initializing auth

    TypeError: A dynamic import callback was invoked without --experimental-vm-modules

    [0m [90m 41 |[39m
     [90m 42 |[39m   it([32m'configures React Native persistence when initializing auth'[39m[33m,[39m 
[36masync[39m () [33m=>[39m {
    [31m[1m>[22m[39m[90m 43 |[39m     [36mconst[39m { getFirebaseAuth } [33m=[39m [36mawait[39m 
[36mimport[39m([32m'@/services/firebase'[39m)[33m;[39m
     [90m    |[39m     [31m[1m^[22m[39m
     [90m 44 |[39m     [36mconst[39m auth [33m=[39m getFirebaseAuth()[33m;[39m
     [90m 45 |[39m
     [90m 46 |[39m     expect(auth)[33m.[39mtoBe(mockAuthInstance)[33m;[39m[0m

      at Object.<anonymous> (tests/authPersistence.test.ts:43:5)
      at asyncGeneratorStep (node_modules/@babel/runtime/helpers/asyncToGenerator.js:3:17)
      at _next (node_modules/@babel/runtime/helpers/asyncToGenerator.js:17:9)
      at node_modules/@babel/runtime/helpers/asyncToGenerator.js:22:7
      at Object.<anonymous> (node_modules/@babel/runtime/helpers/asyncToGenerator.js:14:12)

  ÔùÅ getFirebaseAuth ÔÇ║ reuses the cached auth instance within the same launch

    TypeError: A dynamic import callback was invoked without --experimental-vm-modules

    [0m [90m 54 |[39m
     [90m 55 |[39m   it([32m'reuses the cached auth instance within the same launch'[39m[33m,[39m 
[36masync[39m () [33m=>[39m {
    [31m[1m>[22m[39m[90m 56 |[39m     [36mconst[39m { getFirebaseAuth } [33m=[39m [36mawait[39m 
[36mimport[39m([32m'@/services/firebase'[39m)[33m;[39m
     [90m    |[39m     [31m[1m^[22m[39m
     [90m 57 |[39m     [36mconst[39m first [33m=[39m getFirebaseAuth()[33m;[39m
     [90m 58 |[39m     [36mconst[39m second [33m=[39m getFirebaseAuth()[33m;[39m
     [90m 59 |[39m[0m
ÔÅ▒´©Å 5ms - getFirebaseAuth configures React Native persistence when initializing auth (\tests\authPersistence.test.ts)

      at Object.<anonymous> (tests/authPersistence.test.ts:56:5)
      at asyncGeneratorStep (node_modules/@babel/runtime/helpers/asyncToGenerator.js:3:17)
      at _next (node_modules/@babel/runtime/helpers/asyncToGenerator.js:17:9)
      at node_modules/@babel/runtime/helpers/asyncToGenerator.js:22:7
      at Object.<anonymous> (node_modules/@babel/runtime/helpers/asyncToGenerator.js:14:12)

  ÔùÅ getFirebaseAuth ÔÇ║ configures persistence again on a new launch (module reload)

    TypeError: A dynamic import callback was invoked without --experimental-vm-modules

    [0m [90m 64 |[39m
     [90m 65 |[39m   it([32m'configures persistence again on a new launch (module reload)'[39m[33m,[39m 
[36masync[39m () [33m=>[39m {
    [31m[1m>[22m[39m[90m 66 |[39m     [36mconst[39m { getFirebaseAuth } [33m=[39m [36mawait[39m 
[36mimport[39m([32m'@/services/firebase'[39m)[33m;[39m
     [90m    |[39m     [31m[1m^[22m[39m
     [90m 67 |[39m     getFirebaseAuth()[33m;[39m
     [90m 68 |[39m
     [90m 69 |[39m     expect(mockInitializeAuth)[33m.[39mtoHaveBeenCalledTimes([35m1[39m)[33m;[39m[0m

      at Object.<anonymous> (tests/authPersistence.test.ts:66:5)
      at asyncGeneratorStep (node_modules/@babel/runtime/helpers/asyncToGenerator.js:3:17)
      at _next (node_modules/@babel/runtime/helpers/asyncToGenerator.js:17:9)
      at node_modules/@babel/runtime/helpers/asyncToGenerator.js:22:7
      at Object.<anonymous> (node_modules/@babel/runtime/helpers/asyncToGenerator.js:14:12)

  ÔùÅ getFirebaseAuth ÔÇ║ falls back to getAuth when initializeAuth throws

    TypeError: A dynamic import callback was invoked without --experimental-vm-modules

    [0m [90m 93 |[39m     })[33m;[39m
     [90m 94 |[39m
    [31m[1m>[22m[39m[90m 95 |[39m     [36mconst[39m { getFirebaseAuth } [33m=[39m [36mawait[39m 
[36mimport[39m([32m'@/services/firebase'[39m)[33m;[39m
     [90m    |[39m     [31m[1m^[22m[39m
     [90m 96 |[39m     [36mconst[39m auth [33m=[39m getFirebaseAuth()[33m;[39m
     [90m 97 |[39m
     [90m 98 |[39m     expect(mockInitializeAuth)[33m.[39mtoHaveBeenCalledTimes([35m1[39m)[33m;[39m[0m

      at Object.<anonymous> (tests/authPersistence.test.ts:95:5)
      at asyncGeneratorStep (node_modules/@babel/runtime/helpers/asyncToGenerator.js:3:17)
      at _next (node_modules/@babel/runtime/helpers/asyncToGenerator.js:17:9)
      at node_modules/@babel/runtime/helpers/asyncToGenerator.js:22:7
      at Object.<anonymous> (node_modules/@babel/runtime/helpers/asyncToGenerator.js:14:12)

ÔÅ▒´©Å 1ms - getFirebaseAuth reuses the cached auth instance within the same launch (\tests\authPersistence.test.ts)
ÔÅ▒´©Å 0ms - getFirebaseAuth configures persistence again on a new launch (module reload) (\tests\authPersistence.test.ts)
ÔÅ▒´©Å 1ms - getFirebaseAuth falls back to getAuth when initializeAuth throws (\tests\authPersistence.test.ts)
  console.log
    Failed to read Firestore during read-only price check: [FirebaseError: Missing or insufficient permissions.] {
      code: 'permission-denied',
      customData: undefined,
      toString: [Function (anonymous)]
    }

      at Object.log (tests/e2e/readOnlyPriceCheck.e2e.test.ts:39:15)
          at Generator.throw (<anonymous>)

FAIL tests/e2e/readOnlyPriceCheck.e2e.test.ts (8.186 s)
  Read-only price interpretation check
    ├ù computes expected costs from stored stock prices (read-only) (1065 ms)

  ÔùÅ Read-only price interpretation check ÔÇ║ computes expected costs from stored stock prices (read-only)

    Unable to read Firestore. Ensure firebase-service-account.json is present, the service account has Firestore read 
permissions, and you have network access from this environment.

    [0m [90m 38 |[39m       [90m// Keep the test read-only ÔÇö we only surface the underlying error.[39m
     [90m 39 |[39m       console[33m.[39mlog([32m'Failed to read Firestore during read-only price 
check:'[39m[33m,[39m err)[33m;[39m
    [31m[1m>[22m[39m[90m 40 |[39m       [36mthrow[39m [36mnew[39m [33mError[39m(
     [90m    |[39m             [31m[1m^[22m[39m
     [90m 41 |[39m         [32m'Unable to read Firestore. Ensure firebase-service-account.json is present, the 
service account has Firestore read permissions, and you have network access from this environment.'[39m[33m,[39m
     [90m 42 |[39m       )[33m;[39m
     [90m 43 |[39m     }[0m

      at Object.<anonymous> (tests/e2e/readOnlyPriceCheck.e2e.test.ts:40:13)
          at Generator.throw (<anonymous>)
      at asyncGeneratorStep (node_modules/@babel/runtime/helpers/asyncToGenerator.js:3:17)
      at _throw (node_modules/@babel/runtime/helpers/asyncToGenerator.js:20:9)

ÔÅ▒´©Å 1065ms - Read-only price interpretation check computes expected costs from stored stock prices (read-only) (\tests\e2e\readOnlyPriceCheck.e2e.test.ts)
  console.log
    [env] EXPO_PUBLIC_FIREBASE_API_KEY = ***alue

      at log (src/utils/env.ts:28:11)

  console.log
    [env] EXPO_PUBLIC_FIREBASE_AUTH_DOMAIN = ***alue

      at log (src/utils/env.ts:28:11)

  console.log
    [env] EXPO_PUBLIC_FIREBASE_PROJECT_ID = ***alue

      at log (src/utils/env.ts:28:11)

  console.log
    [env] EXPO_PUBLIC_FIREBASE_STORAGE_BUCKET = ***alue

      at log (src/utils/env.ts:28:11)

  console.log
    [env] EXPO_PUBLIC_FIREBASE_MESSAGING_SENDER_ID = ***alue

      at log (src/utils/env.ts:28:11)

  console.log
    [env] EXPO_PUBLIC_FIREBASE_APP_ID = ***alue

      at log (src/utils/env.ts:28:11)

  console.log
    [env] EXPO_PUBLIC_FIREBASE_MEASUREMENT_ID = ***t-id

      at log (src/utils/env.ts:28:11)

  console.log
    [env] EXPO_PUBLIC_DEBUG_FIRESTORE_INDEX_HELPER = ***alse

      at log (src/utils/env.ts:28:11)

  console.log
    [env] Firebase config loaded: {
      hasApiKey: true,
      hasAuthDomain: true,
      hasProjectId: true,
      hasStorageBucket: true,
      hasMessagingSenderId: true,
      hasAppId: true
    }

      at Object.log (src/utils/env.ts:74:9)

PASS tests/computeRecipeEstimatedCost.test.ts
  computeRecipeEstimatedCost
    ÔêÜ nata 100g at 3.5 R$/kg -> R$0.35 (2 ms)
    ÔêÜ milk 650ml at 4.7 R$/L -> ~3.055 (1 ms)

ÔÅ▒´©Å 2ms - computeRecipeEstimatedCost nata 100g at 3.5 R$/kg -> R$0.35 (\tests\computeRecipeEstimatedCost.test.ts)
ÔÅ▒´©Å 1ms - computeRecipeEstimatedCost milk 650ml at 4.7 R$/L -> ~3.055 (\tests\computeRecipeEstimatedCost.test.ts)
PASS tests/reportingMetrics.test.ts
  reportingMetrics aggregations
    aggregateProductionPlans
      ÔêÜ groups plans by day (55 ms)
      ÔêÜ groups plans by week (2 ms)
      ÔêÜ groups plans by month (1 ms)
    aggregateIngredientConsumption
      ÔêÜ sums movements per period and product (1 ms)
    aggregateDivergenceUsage
      ÔêÜ aggregates shortages by severity within period (6 ms)

ÔÅ▒´©Å 55ms - reportingMetrics aggregations aggregateProductionPlans groups plans by day (\tests\reportingMetrics.test.ts)
ÔÅ▒´©Å 2ms - reportingMetrics aggregations aggregateProductionPlans groups plans by week (\tests\reportingMetrics.test.ts)
ÔÅ▒´©Å 1ms - reportingMetrics aggregations aggregateProductionPlans groups plans by month (\tests\reportingMetrics.test.ts)
ÔÅ▒´©Å 1ms - reportingMetrics aggregations aggregateIngredientConsumption sums movements per period and product (\tests\reportingMetrics.test.ts)
ÔÅ▒´©Å 6ms - reportingMetrics aggregations aggregateDivergenceUsage aggregates shortages by severity within period (\tests\reportingMetrics.test.ts)
FAIL tests/ReportingAnalyticsPanel.test.tsx
  ReportingAnalyticsPanel
    ├ù renders analytics data snapshot (889 ms)
    ├ù renders error state snapshot (168 ms)

  ÔùÅ ReportingAnalyticsPanel ÔÇ║ renders analytics data snapshot

    expect(received).toMatchSnapshot()

    Snapshot name: `ReportingAnalyticsPanel renders analytics data snapshot 1`

    - Snapshot  -   0
    + Received  + 106

    @@ -2,10 +2,11 @@
        style={
          {
            "backgroundColor": "#FFFFFF",
            "borderRadius": 16,
            "elevation": 3,
    +       "marginBottom": 32,
            "marginTop": 24,
            "padding": 20,
            "shadowColor": "#111827",
            "shadowOffset": {
              "height": 6,
    @@ -218,10 +219,87 @@
                      "marginTop": 4,
                    }
                  }
                >
                  Qtd real
    +           </Text>
    +         </View>
    +       </View>
    +       <View
    +         style={
    +           {
    +             "flexDirection": "row",
    +             "gap": 12,
    +           }
    +         }
    +       >
    +         <View
    +           style={
    +             {
    +               "backgroundColor": "#FFFFFF",
    +               "borderRadius": 12,
    +               "flex": 1,
    +               "paddingHorizontal": 12,
    +               "paddingVertical": 10,
    +             }
    +           }
    +         >
    +           <Text
    +             style={
    +               {
    +                 "color": "#111827",
    +                 "fontSize": 16,
    +                 "fontWeight": "700",
    +               }
    +             }
    +           >
    +             R$┬á1.310,00
    +           </Text>
    +           <Text
    +             style={
    +               {
    +                 "color": "#6B7280",
    +                 "fontSize": 12,
    +                 "marginTop": 4,
    +               }
    +             }
    +           >
    +             Custo estimado
    +           </Text>
    +         </View>
    +         <View
    +           style={
    +             {
    +               "backgroundColor": "#FFFFFF",
    +               "borderRadius": 12,
    +               "flex": 1,
    +               "paddingHorizontal": 12,
    +               "paddingVertical": 10,
    +             }
    +           }
    +         >
    +           <Text
    +             style={
    +               {
    +                 "color": "#111827",
    +                 "fontSize": 16,
    +                 "fontWeight": "700",
    +               }
    +             }
    +           >
    +             R$┬á1.280,00
    +           </Text>
    +           <Text
    +             style={
    +               {
    +                 "color": "#6B7280",
    +                 "fontSize": 12,
    +                 "marginTop": 4,
    +               }
    +             }
    +           >
    +             Custo real
                </Text>
              </View>
            </View>
            <View
              style={
    @@ -272,10 +350,24 @@
                   plano(s) ┬À
                   
                  170
                   
                  un reais
    +           </Text>
    +           <Text
    +             style={
    +               {
    +                 "color": "#374151",
    +                 "fontSize": 12,
    +                 "marginTop": 2,
    +               }
    +             }
    +           >
    +             Custo: 
    +             R$┬á870,00
    +              
ÔÅ▒´©Å 889ms - ReportingAnalyticsPanel renders analytics data snapshot (\tests\ReportingAnalyticsPanel.test.tsx)
ÔÅ▒´©Å 168ms - ReportingAnalyticsPanel renders error state snapshot (\tests\ReportingAnalyticsPanel.test.tsx)
    +             (R$┬á890,00 previsto)
                </Text>
              </View>
              <View
                style={
                  {
    @@ -310,10 +402,24 @@
                   plano(s) ┬À
                   
                  78
                   
                  un reais
    +           </Text>
    +           <Text
    +             style={
    +               {
    +                 "color": "#374151",
    +                 "fontSize": 12,
    +                 "marginTop": 2,
    +               }
    +             }
    +           >
    +             Custo: 
    +             R$┬á410,00
    +              
    +             (R$┬á420,00 previsto)
                </Text>
              </View>
            </View>
          </View>
          <View

    [0m [90m 127 |[39m     })[33m;[39m
     [90m 128 |[39m
    [31m[1m>[22m[39m[90m 129 |[39m     
expect(testRenderer[33m![39m[33m.[39mtoJSON())[33m.[39mtoMatchSnapshot()[33m;[39m
     [90m     |[39m                                    [31m[1m^[22m[39m
     [90m 130 |[39m     act(() [33m=>[39m {
     [90m 131 |[39m       testRenderer[33m![39m[33m.[39munmount()[33m;[39m
     [90m 132 |[39m     })[33m;[39m[0m

      at Object.toMatchSnapshot (tests/ReportingAnalyticsPanel.test.tsx:129:36)

  ÔùÅ ReportingAnalyticsPanel ÔÇ║ renders error state snapshot

    expect(received).toMatchSnapshot()

    Snapshot name: `ReportingAnalyticsPanel renders error state snapshot 1`

    - Snapshot  - 0
    + Received  + 1

    @@ -2,10 +2,11 @@
        style={
          {
            "backgroundColor": "#FFFFFF",
            "borderRadius": 16,
            "elevation": 3,
    +       "marginBottom": 32,
            "marginTop": 24,
            "padding": 20,
            "shadowColor": "#111827",
            "shadowOffset": {
              "height": 6,

    [0m [90m 152 |[39m     })[33m;[39m
     [90m 153 |[39m
    [31m[1m>[22m[39m[90m 154 |[39m     
expect(testRenderer[33m![39m[33m.[39mtoJSON())[33m.[39mtoMatchSnapshot()[33m;[39m
     [90m     |[39m                                    [31m[1m^[22m[39m
     [90m 155 |[39m     act(() [33m=>[39m {
     [90m 156 |[39m       testRenderer[33m![39m[33m.[39munmount()[33m;[39m
     [90m 157 |[39m     })[33m;[39m[0m

      at Object.toMatchSnapshot (tests/ReportingAnalyticsPanel.test.tsx:154:36)

 ÔÇ║ 2 snapshots failed.
  console.log
    ­ƒº¬ Testes E2E inicializados no projeto: gelatoprod-a8fb2

      at Object.log (tests/e2e/setup.ts:119:9)

  console.log
    ­ƒº¬ Testes E2E inicializados no projeto: gelatoprod-a8fb2

      at Object.log (tests/e2e/setup.ts:119:9)

  console.log
    ­ƒº¬ Testes E2E inicializados no projeto: gelatoprod-a8fb2

      at Object.log (tests/e2e/setup.ts:119:9)

  console.log
    
    ================================================================================

      at Object.log (tests/e2e/stockReservations.e2e.test.ts:22:13)

  console.log
    ­ƒÜÇ INICIANDO TESTE E2E DE RESERVA DE ESTOQUE

      at Object.log (tests/e2e/stockReservations.e2e.test.ts:23:13)

  console.log
    ================================================================================

      at Object.log (tests/e2e/stockReservations.e2e.test.ts:24:13)

  console.log
    ­ƒº╣ Limpando ambiente...

      at Object.log (tests/e2e/stockReservations.e2e.test.ts:29:13)

  console.log
    ­ƒº¬ Testes E2E inicializados no projeto: gelatoprod-a8fb2

      at Object.log (tests/e2e/setup.ts:119:9)

  console.log
    ­ƒº¬ Testes E2E inicializados no projeto: gelatoprod-a8fb2

      at Object.log (tests/e2e/setup.ts:119:9)

  console.log
    ­ƒº¬ Testes E2E inicializados no projeto: gelatoprod-a8fb2

      at Object.log (tests/e2e/setup.ts:119:9)

  console.log
    ­ƒº¬ Testes E2E inicializados no projeto: gelatoprod-a8fb2

      at Object.log (tests/e2e/setup.ts:119:9)

  console.log
    ­ƒº¬ Testes E2E inicializados no projeto: gelatoprod-a8fb2

      at Object.log (tests/e2e/setup.ts:119:9)

  console.log
    ­ƒÜÇ Iniciando teste E2E de produ├º├úo com consumo de estoque...

      at Object.log (tests/e2e/productionWithStockConsumption.e2e.test.ts:31:13)

  console.log
    Ô£à Usu├írio de teste criado: test-production-stock@gelatoprod.com (gelatie)

      at log (tests/e2e/setup.ts:83:13)

  console.log
    Ô£à Usu├írio criado: aueKDBauNSOVG82MDbNz161W6zR2

      at Object.log (tests/e2e/productionWithStockConsumption.e2e.test.ts:38:13)

  console.log
    
    ­ƒôª Criando produtos...

      at Object.log (tests/e2e/productionWithStockConsumption.e2e.test.ts:58:13)

  console.log
    Ô£à Usu├írio de teste criado: test-recipes@gelatoprod.com (gelatie)

      at log (tests/e2e/setup.ts:83:13)

  console.log
    Ô£à Usu├írio de teste criado: test-notifications@gelatoprod.com (gelatie)

      at log (tests/e2e/setup.ts:83:13)

  console.log
    Ô£à Usu├írio de teste criado: test-production@gelatoprod.com (gelatie)

      at log (tests/e2e/setup.ts:83:13)

  console.log
    Ô£à Usu├írio de teste criado: test-accessories@gelatoprod.com (gelatie)

      at log (tests/e2e/setup.ts:83:13)

  console.log
    Ô£à Produtos criados: Leite(rlQHOOA9BgzuYBeDDhDk), A├º├║car(fMobhN60hImiWRIxRm4y), Morango(2BhSsSuKLveV3Hu1yY36)

      at Object.log (tests/e2e/productionWithStockConsumption.e2e.test.ts:102:13)

  console.log
    Ô£à Usu├írio de teste criado: test-stockalerts@gelatoprod.com (gelatie)

      at log (tests/e2e/setup.ts:83:13)

  console.log
    Ô£à Usu├írio de teste criado: test-gelatie@gelatoprod.com (gelatie)

      at log (tests/e2e/setup.ts:83:13)

  console.log
    
    ­ƒôÑ Registrando estoque com custo...

      at Object.log (tests/e2e/productionWithStockConsumption.e2e.test.ts:113:13)

  console.log
    Ô£¿ Cole├º├úo 'products' limpa (100 documentos removidos)

      at log (tests/e2e/setup.ts:57:11)

  console.log
    Ô£à Estoques registrados com custos:

      at Object.log (tests/e2e/productionWithStockConsumption.e2e.test.ts:157:13)

  console.log
      - Leite: 5.000g a R$ 0,006/g (R$ 6,00/kg)

      at Object.log (tests/e2e/productionWithStockConsumption.e2e.test.ts:158:13)

  console.log
      - A├º├║car: 3.000g a R$ 0,004/g (R$ 4,00/kg)

      at Object.log (tests/e2e/productionWithStockConsumption.e2e.test.ts:159:13)

  console.log
      - Morango: 2.000g a R$ 0,015/g (R$ 15,00/kg)

      at Object.log (tests/e2e/productionWithStockConsumption.e2e.test.ts:160:13)

  console.log
    Ô£à Notifica├º├úo cr├¡tica criada: stock_alert

      at Object.log (tests/e2e/notifications.e2e.test.ts:59:13)

  console.log
    Ô£¿ Cole├º├úo 'products' limpa (102 documentos removidos)

      at log (tests/e2e/setup.ts:57:11)

  console.log
    
    ­ƒôØ Criando receita...

      at Object.log (tests/e2e/productionWithStockConsumption.e2e.test.ts:170:13)

  console.log
    Ô£à Usu├írio de teste criado: test-estoquista@gelatoprod.com (estoquista)

      at log (tests/e2e/setup.ts:83:13)

  console.log
    Ô£à Receita simples criada com 2 ingredientes

      at Object.log (tests/e2e/recipes.e2e.test.ts:104:13)

  console.log
    Ô£à Receita criada: xLfoRSzX9zpxEyAdHwbG

      at Object.log (tests/e2e/productionWithStockConsumption.e2e.test.ts:206:13)

  console.log
      Ingredientes para 1kg:

      at Object.log (tests/e2e/productionWithStockConsumption.e2e.test.ts:207:13)

  console.log
      - 500g de Leite (R$ 3,00)

      at Object.log (tests/e2e/productionWithStockConsumption.e2e.test.ts:208:13)

  console.log
      - 200g de A├º├║car (R$ 0,80)

      at Object.log (tests/e2e/productionWithStockConsumption.e2e.test.ts:209:13)

  console.log
      - 300g de Morango (R$ 4,50)

      at Object.log (tests/e2e/productionWithStockConsumption.e2e.test.ts:210:13)

  console.log
      Custo estimado: R$ 8,30/kg

      at Object.log (tests/e2e/productionWithStockConsumption.e2e.test.ts:211:13)

  console.log
    Ô£¿ Cole├º├úo 'recipes' limpa (15 documentos removidos)

      at log (tests/e2e/setup.ts:57:11)

  console.log
    
    ­ƒôà Criando plano de produ├º├úo...

      at Object.log (tests/e2e/productionWithStockConsumption.e2e.test.ts:220:13)

  console.log
    Ô£à Plano criado: H9f4nn4UFThuP8oCxn4s

      at Object.log (tests/e2e/productionWithStockConsumption.e2e.test.ts:243:13)

  console.log
      Quantidade: 2.000g (2kg)

      at Object.log (tests/e2e/productionWithStockConsumption.e2e.test.ts:244:13)

  console.log
      Ingredientes necess├írios:

      at Object.log (tests/e2e/productionWithStockConsumption.e2e.test.ts:245:13)

  console.log
      - 1.000g de Leite (R$ 6,00)

      at Object.log (tests/e2e/productionWithStockConsumption.e2e.test.ts:246:13)

  console.log
      - 400g de A├º├║car (R$ 1,60)

      at Object.log (tests/e2e/productionWithStockConsumption.e2e.test.ts:247:13)

  console.log
      - 600g de Morango (R$ 9,00)

      at Object.log (tests/e2e/productionWithStockConsumption.e2e.test.ts:248:13)

  console.log
      Custo estimado total: R$ 16,60

      at Object.log (tests/e2e/productionWithStockConsumption.e2e.test.ts:249:13)

  console.log
    Ô£à Plano de produ├º├úo criado com c├│digo PROD-001

      at Object.log (tests/e2e/production.e2e.test.ts:90:13)

  console.log
    Ô£¿ Cole├º├úo 'recipes' limpa (16 documentos removidos)

      at log (tests/e2e/setup.ts:57:11)

  console.log
    
    ­ƒÅ¡ Concluindo produ├º├úo manualmente (Admin SDK)...

      at Object.log (tests/e2e/productionWithStockConsumption.e2e.test.ts:258:13)

  console.log
    Ô£à Notifica├º├úo marcada como lida

      at Object.log (tests/e2e/notifications.e2e.test.ts:95:13)

  console.log
    Ô£à Usu├írio de teste criado: test-produtor@gelatoprod.com (produtor)

      at log (tests/e2e/setup.ts:83:13)

  console.log
      Custo total: R$ 0.00

      at Object.log (tests/e2e/productionWithStockConsumption.e2e.test.ts:329:13)

  console.log
    Ô£à Produ├º├úo conclu├¡da!

      at Object.log (tests/e2e/productionWithStockConsumption.e2e.test.ts:340:13)

  console.log
      Ajustes de estoque: 0

      at Object.log (tests/e2e/productionWithStockConsumption.e2e.test.ts:341:13)

  console.log
      Custo real: R$ 0.00

      at Object.log (tests/e2e/productionWithStockConsumption.e2e.test.ts:342:13)

  console.log
    
    ­ƒôï Verificando movimenta├º├Áes de estoque...

      at Object.log (tests/e2e/productionWithStockConsumption.e2e.test.ts:357:13)

  console.log
    Ô£¿ Cole├º├úo 'productionPlans' limpa (2 documentos removidos)

      at log (tests/e2e/setup.ts:57:11)

  console.log
    Ô£à Movimenta├º├Áes encontradas: 1

      at Object.log (tests/e2e/productionWithStockConsumption.e2e.test.ts:364:13)

  console.log
    
    ­ƒôª Verificando estoques atualizados...

      at Object.log (tests/e2e/productionWithStockConsumption.e2e.test.ts:383:13)

  console.log
    Ô£à Alerta cr├¡tico disparado corretamente

      at Object.log (tests/e2e/stockAlerts.e2e.test.ts:112:13)

  console.log
      Leite: 5000g (esperado: 4.000g)

      at Object.log (tests/e2e/productionWithStockConsumption.e2e.test.ts:388:13)

  console.log
    
    ­ƒôè Verificando relat├│rios...

      at Object.log (tests/e2e/productionWithStockConsumption.e2e.test.ts:407:13)

  console.log
    Ô£¿ Cole├º├úo 'productionPlans' limpa (2 documentos removidos)

      at log (tests/e2e/setup.ts:57:11)

  console.log
    Ô£à Receita composta criada com sub-receita e produto

      at Object.log (tests/e2e/recipes.e2e.test.ts:189:13)

  console.log
    Ô£à Produ├º├Áes conclu├¡das encontradas: 0

      at Object.log (tests/e2e/productionWithStockConsumption.e2e.test.ts:414:13)

  console.log
    
    ================================================================================

      at Object.log (tests/e2e/productionWithStockConsumption.e2e.test.ts:442:13)

  console.log
    Ô£à TESTE E2E COMPLETO - TODOS OS CEN├üRIOS VALIDADOS

      at Object.log (tests/e2e/productionWithStockConsumption.e2e.test.ts:443:13)

  console.log
    ================================================================================

      at Object.log (tests/e2e/productionWithStockConsumption.e2e.test.ts:444:13)

  console.log
    
    Ô£ô Produtos criados com sucesso

      at Object.log (tests/e2e/productionWithStockConsumption.e2e.test.ts:445:13)

  console.log
    Ô£ô Estoques registrados com custos corretos

      at Object.log (tests/e2e/productionWithStockConsumption.e2e.test.ts:446:13)

  console.log
    Ô£ô Receita criada com ingredientes

      at Object.log (tests/e2e/productionWithStockConsumption.e2e.test.ts:447:13)

  console.log
    Ô£ô Plano de produ├º├úo criado

      at Object.log (tests/e2e/productionWithStockConsumption.e2e.test.ts:448:13)

  console.log
    Ô£ô Produ├º├úo conclu├¡da com baixa autom├ítica de estoque

      at Object.log (tests/e2e/productionWithStockConsumption.e2e.test.ts:449:13)

  console.log
    Ô£ô Movimenta├º├Áes de sa├¡da registradas corretamente

      at Object.log (tests/e2e/productionWithStockConsumption.e2e.test.ts:450:13)

  console.log
    Ô£ô Custos calculados e salvos no plano

      at Object.log (tests/e2e/productionWithStockConsumption.e2e.test.ts:451:13)

  console.log
    Ô£ô Estoques atualizados com quantidades corretas

      at Object.log (tests/e2e/productionWithStockConsumption.e2e.test.ts:452:13)

  console.log
    Ô£ô Dados aparecem corretamente nos relat├│rios

      at Object.log (tests/e2e/productionWithStockConsumption.e2e.test.ts:453:13)

  console.log
    
    ­ƒÄë Sistema de produ├º├úo funcionando 100%!

      at Object.log (tests/e2e/productionWithStockConsumption.e2e.test.ts:454:13)

  console.log
    ================================================================================

      at Object.log (tests/e2e/productionWithStockConsumption.e2e.test.ts:455:13)

  console.log
    ­ƒº╣ Limpando dados do teste...

      at Object.log (tests/e2e/productionWithStockConsumption.e2e.test.ts:42:13)

  console.log
    Ô£¿ Cole├º├úo 'products' limpa (5 documentos removidos)

      at log (tests/e2e/setup.ts:57:11)

  console.log
    Ô£¿ Cole├º├úo 'stockItems' limpa (77 documentos removidos)

      at log (tests/e2e/setup.ts:57:11)

  console.log
    Ô£¿ Cole├º├úo 'pricingSettings' limpa (0 documentos removidos)

      at log (tests/e2e/setup.ts:57:11)

  console.log
    Ô£¿ Cole├º├úo 'recipes' limpa (3 documentos removidos)

      at log (tests/e2e/setup.ts:57:11)

  console.log
    Ô£à Filtro de n├úo lidas funcionando: 3 encontradas

      at Object.log (tests/e2e/notifications.e2e.test.ts:157:13)

  console.log
    Ô£¿ Cole├º├úo 'productionPlans' limpa (1 documentos removidos)

      at log (tests/e2e/setup.ts:57:11)

  console.log
    Ô£¿ Cole├º├úo 'productionPlanAvailability' limpa (0 documentos removidos)

      at log (tests/e2e/setup.ts:57:11)

  console.log
    Ô£à Ambiente limpo

      at Object.log (tests/e2e/stockReservations.e2e.test.ts:35:13)

  console.log
    ­ƒæñ Criando usu├írio de teste...

      at Object.log (tests/e2e/stockReservations.e2e.test.ts:37:13)

  console.log
    Ô£à Alerta de aten├º├úo (warning) disparado corretamente

      at Object.log (tests/e2e/stockAlerts.e2e.test.ts:161:13)

  console.log
    Ô£à Loop detectado: receita A tentou referenciar receita B que j├í referencia A

      at Object.log (tests/e2e/recipes.e2e.test.ts:253:13)

  console.log
    Ô£¿ Cole├º├úo 'productionStages' limpa (3 documentos removidos)

      at log (tests/e2e/setup.ts:57:11)

  console.log
    Ô£¿ Cole├º├úo 'productionDivergences' limpa (0 documentos removidos)

      at log (tests/e2e/setup.ts:57:11)

  console.log
    Ô£¿ Cole├º├úo 'stockItems' limpa (2 documentos removidos)

      at log (tests/e2e/setup.ts:57:11)

  console.log
    Ô£à Usu├írio de teste criado: test-reservations@gelatoprod.com (gelatie)

      at log (tests/e2e/setup.ts:83:13)

  console.log
    Ô£à Usu├írio: 3ovIJC5WmKXv6ie0IeTtMNYgRL83

      at Object.log (tests/e2e/stockReservations.e2e.test.ts:44:13)

  console.log
    ­ƒôª PASSO 1: Criando produto Leite...

      at Object.log (tests/e2e/stockReservations.e2e.test.ts:49:13)

  console.log
    Ô£à Gelatie (admin) pode criar produtos, receitas, estoque e planos

      at Object.log (tests/e2e/authorization.e2e.test.ts:125:13)

  console.log
    Ô£à Produto criado: sG86FtKSq6wbwxpepgdi

      at Object.log (tests/e2e/stockReservations.e2e.test.ts:62:13)

  console.log
    ­ƒôÑ PASSO 2: Registrando 5kg de Leite...

      at Object.log (tests/e2e/stockReservations.e2e.test.ts:67:13)

  console.log
    Ô£à Estoque: 5.000g (yUI7kodbkhp2g5NCBvSv)

      at Object.log (tests/e2e/stockReservations.e2e.test.ts:80:13)

  console.log
    ­ƒôØ PASSO 3: Criando receita...

      at Object.log (tests/e2e/stockReservations.e2e.test.ts:85:13)

  console.log
    Ô£à Receita editada e updatedAt atualizado corretamente

      at Object.log (tests/e2e/recipes.e2e.test.ts:321:13)

  console.log
    Ô£à Notifica├º├Áes antigas limpas, recentes preservadas

      at Object.log (tests/e2e/notifications.e2e.test.ts:226:13)

  console.log
    Ô£¿ Cole├º├úo 'stockMovements' limpa (175 documentos removidos)

      at log (tests/e2e/setup.ts:57:11)

  console.log
    Ô£à Receita: 63U5jRfIbZy8tASfvlzr (1kg gelato = 1kg leite)

      at Object.log (tests/e2e/stockReservations.e2e.test.ts:107:13)

  console.log
    ­ƒöì PASSO 4: Verificando estoque inicial...

      at Object.log (tests/e2e/stockReservations.e2e.test.ts:112:13)

  console.log
    Ô£¿ Cole├º├úo 'stockAlerts' limpa (60 documentos removidos)

      at log (tests/e2e/setup.ts:57:11)

  console.log
    Ô£¿ Cole├º├úo 'appSequences' limpa (1 documentos removidos)

      at log (tests/e2e/setup.ts:57:11)

  console.log
      ­ƒôª F├¡sico: 5000g

      at Object.log (tests/e2e/stockReservations.e2e.test.ts:120:13)

  console.log
      ­ƒôï Produ├º├Áes ativas: 0

      at Object.log (tests/e2e/stockReservations.e2e.test.ts:121:13)

  console.log
      Ô£à Dispon├¡vel: 5000g

      at Object.log (tests/e2e/stockReservations.e2e.test.ts:122:13)

  console.log
    ­ƒôà PASSO 5: Agendando 5 produ├º├Áes de 1kg...

      at Object.log (tests/e2e/stockReservations.e2e.test.ts:130:13)

  console.log
    Ô£¿ Cole├º├úo 'productionPlanAvailabilityRecords' limpa (0 documentos removidos)

      at log (tests/e2e/setup.ts:57:11)

  console.log
    Ô£à Estoquista pode gerenciar estoque (criar item e movimenta├º├Áes)

      at Object.log (tests/e2e/authorization.e2e.test.ts:175:13)

  console.log
    Ô£à Estoquista N├âO tem permiss├úo para criar receitas (validado)

      at Object.log (tests/e2e/authorization.e2e.test.ts:192:13)

  console.log
      Ô£à Produ├º├úo 1 agendada (RESERVA-1)

      at Object.log (tests/e2e/stockReservations.e2e.test.ts:151:15)

  console.log
    Ô£à Soma dos ingredientes corresponde ao rendimento

      at Object.log (tests/e2e/recipes.e2e.test.ts:389:13)

  console.log
    ­ƒùæ´©Å  Usu├írio de teste removido: aueKDBauNSOVG82MDbNz161W6zR2

      at log (tests/e2e/setup.ts:100:13)

  console.log
    Ô£à Limpeza conclu├¡da

      at Object.log (tests/e2e/productionWithStockConsumption.e2e.test.ts:54:13)

FAIL tests/e2e/productionWithStockConsumption.e2e.test.ts (21.884 s)
  E2E: Produ├º├úo com Consumo de Estoque Completo
    ÔêÜ 1. Deve criar produtos para a receita (950 ms)
    ÔêÜ 2. Deve registrar estoque com custo para cada produto (839 ms)
    ÔêÜ 3. Deve criar receita com ingredientes (418 ms)
    ÔêÜ 4. Deve criar plano de produ├º├úo para 2kg (425 ms)
    ├ù 5. Deve concluir produ├º├úo e dar baixa autom├ítica no estoque (404 ms)
    ├ù 6. Deve ter registrado movimenta├º├Áes de sa├¡da no estoque (210 ms)
    ├ù 7. Deve ter atualizado os estoques corretamente (192 ms)
    ├ù 8. Deve aparecer nos relat├│rios de produ├º├úo (208 ms)
    ÔêÜ 9. Resumo final do teste (10 ms)

  ÔùÅ E2E: Produ├º├úo com Consumo de Estoque Completo ÔÇ║ 5. Deve concluir produ├º├úo e dar baixa autom├ítica no 
estoque

    expect(received).toHaveLength(expected)

    Expected length: 3
    Received length: 0
    Received array:  []

    [0m [90m 343 |[39m
     [90m 344 |[39m     [90m// Valida├º├Áes[39m
    [31m[1m>[22m[39m[90m 345 |[39m     expect(movements)[33m.[39mtoHaveLength([35m3[39m)[33m;[39m
     [90m     |[39m                       [31m[1m^[22m[39m
     [90m 346 |[39m     expect(totalCost)[33m.[39mtoBeGreaterThan([35m16[39m)[33m;[39m
     [90m 347 |[39m     expect(totalCost)[33m.[39mtoBeLessThan([35m17[39m)[33m;[39m
     [90m 348 |[39m[0m

      at Object.toHaveLength (tests/e2e/productionWithStockConsumption.e2e.test.ts:345:23)
      at asyncGeneratorStep (node_modules/@babel/runtime/helpers/asyncToGenerator.js:3:17)
      at _next (node_modules/@babel/runtime/helpers/asyncToGenerator.js:17:9)

  ÔùÅ E2E: Produ├º├úo com Consumo de Estoque Completo ÔÇ║ 6. Deve ter registrado movimenta├º├Áes de sa├¡da no estoque

    expect(received).toBeGreaterThanOrEqual(expected)

    Expected: >= 3
    Received:    1

    [0m [90m 364 |[39m     console[33m.[39mlog([32m`Ô£à Movimenta├º├Áes encontradas: 
${movementsSnapshot.size}`[39m)[33m;[39m
     [90m 365 |[39m
    [31m[1m>[22m[39m[90m 366 |[39m     
expect(movementsSnapshot[33m.[39msize)[33m.[39mtoBeGreaterThanOrEqual([35m3[39m)[33m;[39m
     [90m     |[39m                                    [31m[1m^[22m[39m
     [90m 367 |[39m
     [90m 368 |[39m     movementsSnapshot[33m.[39mforEach(doc [33m=>[39m {
     [90m 369 |[39m       [36mconst[39m movement [33m=[39m doc[33m.[39mdata()[33m;[39m[0m

      at Object.toBeGreaterThanOrEqual (tests/e2e/productionWithStockConsumption.e2e.test.ts:366:36)
      at asyncGeneratorStep (node_modules/@babel/runtime/helpers/asyncToGenerator.js:3:17)
      at _next (node_modules/@babel/runtime/helpers/asyncToGenerator.js:17:9)

  ÔùÅ E2E: Produ├º├úo com Consumo de Estoque Completo ÔÇ║ 7. Deve ter atualizado os estoques corretamente

    expect(received).toBe(expected) // Object.is equality

    Expected: 4000
    Received: 5000

    [0m [90m 387 |[39m     [36mconst[39m leiteData [33m=[39m leiteDoc[33m.[39mdata()[33m;[39m
     [90m 388 |[39m     console[33m.[39mlog([32m`  Leite: ${leiteData?.currentQuantityInGrams}g (esperado: 
4.000g)`[39m)[33m;[39m
    [31m[1m>[22m[39m[90m 389 |[39m     
expect(leiteData[33m?[39m[33m.[39mcurrentQuantityInGrams)[33m.[39mtoBe([35m4000[39m)[33m;[39m
     [90m     |[39m                                               [31m[1m^[22m[39m
     [90m 390 |[39m
     [90m 391 |[39m     [90m// A├º├║car: 3.000g - 400g = 2.600g[39m
     [90m 392 |[39m     [36mconst[39m acucarDoc [33m=[39m [36mawait[39m db[33m.[39mcollection([32m'stockItem
s'[39m)[33m.[39mdoc(stockItemAcucarId)[33m.[39m[36mget[39m()[33m;[39m[0m

      at Object.toBe (tests/e2e/productionWithStockConsumption.e2e.test.ts:389:47)
      at asyncGeneratorStep (node_modules/@babel/runtime/helpers/asyncToGenerator.js:3:17)
      at _next (node_modules/@babel/runtime/helpers/asyncToGenerator.js:17:9)

  ÔùÅ E2E: Produ├º├úo com Consumo de Estoque Completo ÔÇ║ 8. Deve aparecer nos relat├│rios de produ├º├úo

    expect(received).toBeGreaterThanOrEqual(expected)

    Expected: >= 1
    Received:    0

    [0m [90m 413 |[39m
     [90m 414 |[39m     console[33m.[39mlog([32m`Ô£à Produ├º├Áes conclu├¡das encontradas: 
${plansSnapshot.size}`[39m)[33m;[39m
    [31m[1m>[22m[39m[90m 415 |[39m     
expect(plansSnapshot[33m.[39msize)[33m.[39mtoBeGreaterThanOrEqual([35m1[39m)[33m;[39m
     [90m     |[39m                                [31m[1m^[22m[39m
     [90m 416 |[39m
     [90m 417 |[39m     [36mconst[39m ourPlan [33m=[39m plansSnapshot[33m.[39mdocs[33m.[39mfind(doc 
[33m=>[39m doc[33m.[39mid [33m===[39m planId)[33m;[39m
     [90m 418 |[39m     expect(ourPlan)[33m.[39mtoBeDefined()[33m;[39m[0m

      at Object.toBeGreaterThanOrEqual (tests/e2e/productionWithStockConsumption.e2e.test.ts:415:32)
      at asyncGeneratorStep (node_modules/@babel/runtime/helpers/asyncToGenerator.js:3:17)
      at _next (node_modules/@babel/runtime/helpers/asyncToGenerator.js:17:9)

ÔÅ▒´©Å 950ms - E2E: Produ├º├úo com Consumo de Estoque Completo 1. Deve criar produtos para a receita (\tests\e2e\productionWithStockConsumption.e2e.test.ts)
ÔÅ▒´©Å 839ms - E2E: Produ├º├úo com Consumo de Estoque Completo 2. Deve registrar estoque com custo para cada produto (\tests\e2e\productionWithStockConsumption.e2e.test.ts)
ÔÅ▒´©Å 418ms - E2E: Produ├º├úo com Consumo de Estoque Completo 3. Deve criar receita com ingredientes (\tests\e2e\productionWithStockConsumption.e2e.test.ts)
ÔÅ▒´©Å 425ms - E2E: Produ├º├úo com Consumo de Estoque Completo 4. Deve criar plano de produ├º├úo para 2kg (\tests\e2e\productionWithStockConsumption.e2e.test.ts)
ÔÅ▒´©Å 404ms - E2E: Produ├º├úo com Consumo de Estoque Completo 5. Deve concluir produ├º├úo e dar baixa autom├ítica no estoque (\tests\e2e\productionWithStockConsumption.e2e.test.ts)
ÔÅ▒´©Å 210ms - E2E: Produ├º├úo com Consumo de Estoque Completo 6. Deve ter registrado movimenta├º├Áes de sa├¡da no estoque (\tests\e2e\productionWithStockConsumption.e2e.test.ts)
ÔÅ▒´©Å 192ms - E2E: Produ├º├úo com Consumo de Estoque Completo 7. Deve ter atualizado os estoques corretamente (\tests\e2e\productionWithStockConsumption.e2e.test.ts)
ÔÅ▒´©Å 208ms - E2E: Produ├º├úo com Consumo de Estoque Completo 8. Deve aparecer nos relat├│rios de produ├º├úo (\tests\e2e\productionWithStockConsumption.e2e.test.ts)
ÔÅ▒´©Å 10ms - E2E: Produ├º├úo com Consumo de Estoque Completo 9. Resumo final do teste (\tests\e2e\productionWithStockConsumption.e2e.test.ts)
  console.log
      Ô£à Produ├º├úo 2 agendada (RESERVA-2)

      at Object.log (tests/e2e/stockReservations.e2e.test.ts:151:15)

  console.log
    Ô£à Nenhum alerta criado para estoque saud├ível

      at Object.log (tests/e2e/stockAlerts.e2e.test.ts:273:13)

  console.log
    Ô£à Estoque consumido automaticamente: 5000g ÔåÆ 4000g

      at Object.log (tests/e2e/production.e2e.test.ts:266:13)

  console.log
      Ô£à Produ├º├úo 3 agendada (RESERVA-3)

      at Object.log (tests/e2e/stockReservations.e2e.test.ts:151:15)

  console.log
    Ô£à Notifica├º├Áes de m├║ltiplos tipos criadas: stock_alert, production, system

      at Object.log (tests/e2e/notifications.e2e.test.ts:288:13)

  console.log
    Ô£¿ Cole├º├úo 'products' limpa (10 documentos removidos)

      at log (tests/e2e/setup.ts:57:11)

  console.log
      Ô£à Produ├º├úo 4 agendada (RESERVA-4)

      at Object.log (tests/e2e/stockReservations.e2e.test.ts:151:15)

  console.log
    Ô£¿ Cole├º├úo 'products' limpa (0 documentos removidos)

      at log (tests/e2e/setup.ts:57:11)

  console.log
      Ô£à Produ├º├úo 5 agendada (RESERVA-5)

      at Object.log (tests/e2e/stockReservations.e2e.test.ts:151:15)

  console.log
    Ô£à 5 produ├º├Áes agendadas = 5kg reservados

      at Object.log (tests/e2e/stockReservations.e2e.test.ts:153:13)

  console.log
    ­ƒöì PASSO 6: Validando l├│gica de reserva...

      at Object.log (tests/e2e/stockReservations.e2e.test.ts:158:13)

  console.log
    Ô£à Diverg├¬ncia registrada: quality_issue n├úo resolvida

      at Object.log (tests/e2e/production.e2e.test.ts:306:13)

  console.log
    Ô£¿ Cole├º├úo 'recipes' limpa (9 documentos removidos)

      at log (tests/e2e/setup.ts:57:11)

  console.log
    Ô£¿ Cole├º├úo 'products' limpa (0 documentos removidos)

      at log (tests/e2e/setup.ts:57:11)

  console.log
    Ô£à Produtor pode executar produ├º├úo (etapas e atualizar status)

      at Object.log (tests/e2e/authorization.e2e.test.ts:251:13)

  console.log
    Ô£à Produtor N├âO tem permiss├úo para criar produtos (validado)

      at Object.log (tests/e2e/authorization.e2e.test.ts:267:13)

  console.log
    Ô£à Hierarquia de permiss├Áes validada: gelatie > estoquista > produtor

      at Object.log (tests/e2e/authorization.e2e.test.ts:294:13)

  console.log
    Ô£¿ Cole├º├úo 'stockItems' limpa (5 documentos removidos)

      at log (tests/e2e/setup.ts:57:11)

  console.log
    ­ƒùæ´©Å  Usu├írio de teste removido: O7x7hmKNfFUURGIfZibab9tVAZv1

      at log (tests/e2e/setup.ts:100:13)

PASS tests/e2e/recipes.e2e.test.ts (23.939 s)
  E2E: Recipes
    ÔêÜ deve criar receita simples com produtos e calcular custo (1798 ms)
    ÔêÜ deve criar receita composta (sub-receitas) e calcular rendimento (1783 ms)
    ÔêÜ deve prevenir loops infinitos em sub-receitas (1579 ms)
    ÔêÜ deve editar receita e manter integridade dos dados (2000 ms)
    ÔêÜ deve calcular total de ingredientes corretamente (1798 ms)

ÔÜá´©Å  LENTO 1798ms - E2E: Recipes deve criar receita simples com produtos e calcular custo (\tests\e2e\recipes.e2e.test.ts)
ÔÜá´©Å  LENTO 1783ms - E2E: Recipes deve criar receita composta (sub-receitas) e calcular rendimento (\tests\e2e\recipes.e2e.test.ts)
ÔÜá´©Å  LENTO 1579ms - E2E: Recipes deve prevenir loops infinitos em sub-receitas (\tests\e2e\recipes.e2e.test.ts)
ÔÜá´©Å  LENTO 2000ms - E2E: Recipes deve editar receita e manter integridade dos dados (\tests\e2e\recipes.e2e.test.ts)
ÔÜá´©Å  LENTO 1798ms - E2E: Recipes deve calcular total de ingredientes corretamente (\tests\e2e\recipes.e2e.test.ts)
  console.log
    ­ƒôï Produ├º├Áes encontradas:

      at Object.log (tests/e2e/stockReservations.e2e.test.ts:167:13)

  console.log
      1. RESERVA-5 - scheduled - 1000g

      at log (tests/e2e/stockReservations.e2e.test.ts:170:15)
          at Array.forEach (<anonymous>)

  console.log
      2. PROD-AUTH-002 - in_progress - undefinedg

      at log (tests/e2e/stockReservations.e2e.test.ts:170:15)
          at Array.forEach (<anonymous>)

  console.log
      3. RESERVA-3 - scheduled - 1000g

      at log (tests/e2e/stockReservations.e2e.test.ts:170:15)
          at Array.forEach (<anonymous>)

  console.log
      4. RESERVA-2 - scheduled - 1000g

      at log (tests/e2e/stockReservations.e2e.test.ts:170:15)
          at Array.forEach (<anonymous>)

  console.log
      5. RESERVA-4 - scheduled - 1000g

      at log (tests/e2e/stockReservations.e2e.test.ts:170:15)
          at Array.forEach (<anonymous>)

  console.log
      6. RESERVA-1 - scheduled - 1000g

      at log (tests/e2e/stockReservations.e2e.test.ts:170:15)
          at Array.forEach (<anonymous>)

  console.log
      7. PROD-004 - in_progress - undefinedg

      at log (tests/e2e/stockReservations.e2e.test.ts:170:15)
          at Array.forEach (<anonymous>)

  console.log
    
    ­ƒôè C├ílculo de disponibilidade:

      at Object.log (tests/e2e/stockReservations.e2e.test.ts:176:13)

  console.log
      F├¡sico: 5000g

      at Object.log (tests/e2e/stockReservations.e2e.test.ts:177:13)

  console.log
      Reservado: 7000g (7 produ├º├Áes ├ù 1000g)

      at Object.log (tests/e2e/stockReservations.e2e.test.ts:178:13)

  console.log
      Dispon├¡vel: -2000g (5000 - 7000)

      at Object.log (tests/e2e/stockReservations.e2e.test.ts:181:13)

FAIL tests/e2e/stockReservations.e2e.test.ts (17.602 s)
  E2E: Reserva de Estoque - Teste Consolidado
    ├ù Deve validar sistema de reserva de estoque completo (13768 ms)

  ÔùÅ E2E: Reserva de Estoque - Teste Consolidado ÔÇ║ Deve validar sistema de reserva de estoque completo

    expect(received).toBe(expected) // Object.is equality

    Expected: 5
    Received: 7

    [0m [90m 182 |[39m
     [90m 183 |[39m     expect(physicalStock)[33m.[39mtoBe([35m5000[39m)[33m;[39m
    [31m[1m>[22m[39m[90m 184 |[39m     
expect(plansSnapshot[33m.[39msize)[33m.[39mtoBe([35m5[39m)[33m;[39m
     [90m     |[39m                                [31m[1m^[22m[39m
     [90m 185 |[39m     expect(totalReserved)[33m.[39mtoBe([35m5000[39m)[33m;[39m
     [90m 186 |[39m     expect(available)[33m.[39mtoBe([35m0[39m)[33m;[39m
     [90m 187 |[39m[0m

      at Object.toBe (tests/e2e/stockReservations.e2e.test.ts:184:32)
      at asyncGeneratorStep (node_modules/@babel/runtime/helpers/asyncToGenerator.js:3:17)
      at _next (node_modules/@babel/runtime/helpers/asyncToGenerator.js:17:9)

ÔÜá´©Å  LENTO 13768ms - E2E: Reserva de Estoque - Teste Consolidado Deve validar sistema de reserva de estoque completo (\tests\e2e\stockReservations.e2e.test.ts)
  console.log
    Ô£à Diverg├¬ncia resolvida com sucesso

      at Object.log (tests/e2e/production.e2e.test.ts:319:13)

  console.log
    Ô£¿ Cole├º├úo 'recipes' limpa (0 documentos removidos)

      at log (tests/e2e/setup.ts:57:11)

  console.log
    Ô£¿ Cole├º├úo 'stockMovements' limpa (3 documentos removidos)

      at log (tests/e2e/setup.ts:57:11)

  console.log
    Ô£¿ Cole├º├úo 'productionPlans' limpa (10 documentos removidos)

      at log (tests/e2e/setup.ts:57:11)

  console.log
    Ô£à Usu├írios s├│ veem suas pr├│prias notifica├º├Áes (isolamento correto)

      at Object.log (tests/e2e/authorization.e2e.test.ts:354:13)

  console.log
    Ô£à Notifica├º├Áes ordenadas corretamente por data (desc)

      at Object.log (tests/e2e/notifications.e2e.test.ts:372:13)

  console.log
    Ô£¿ Cole├º├úo 'stockAlerts' limpa (0 documentos removidos)

      at log (tests/e2e/setup.ts:57:11)

  console.log
    Ô£à Plano cancelado sem consumir estoque

      at Object.log (tests/e2e/production.e2e.test.ts:361:13)

  console.log
    Ô£¿ Cole├º├úo 'pricingSettings' limpa (1 documentos removidos)

      at log (tests/e2e/setup.ts:57:11)

  console.log
    Ô£¿ Cole├º├úo 'products' limpa (0 documentos removidos)

      at log (tests/e2e/setup.ts:57:11)

  console.log
    Ô£¿ Cole├º├úo 'notifications' limpa (62 documentos removidos)

      at log (tests/e2e/setup.ts:57:11)

  console.log
    Ô£¿ Cole├º├úo 'notifications' limpa (62 documentos removidos)

      at log (tests/e2e/setup.ts:57:11)

  console.log
    Ô£¿ Cole├º├úo 'products' limpa (0 documentos removidos)

      at log (tests/e2e/setup.ts:57:11)

  console.log
    ­ƒùæ´©Å  Usu├írio de teste removido: UP73ufkbcmWL83YsCv2HU11t6xl1

      at log (tests/e2e/setup.ts:100:13)

FAIL tests/e2e/accessoryOverrides.e2e.test.ts (20.246 s)
  E2E: Accessories Overrides -> Margem Financeira
    ├ù aplica globais, override e revert corretamente (5821 ms)

  ÔùÅ E2E: Accessories Overrides -> Margem Financeira ÔÇ║ aplica globais, override e revert corretamente

    expect(received).toBeCloseTo(expected, precision)

    Expected: 94
    Received: 100

    Expected precision:    2
    Expected difference: < 0.005
    Received difference:   6

    [0m [90m 195 |[39m     })[33m;[39m
     [90m 196 |[39m     [36mconst[39m marginReverted [33m=[39m [36mawait[39m computeMargin()[33m;[39m
    [31m[1m>[22m[39m[90m 197 |[39m     expect(marginReverted)[33m.[39mtoBeCloseTo([35m94[39m[33m,[39m 
[35m2[39m)[33m;[39m
     [90m     |[39m                            [31m[1m^[22m[39m
     [90m 198 |[39m   }[33m,[39m [35m30000[39m)[33m;[39m
     [90m 199 |[39m })[33m;[39m
     [90m 200 |[39m[0m

      at Object.toBeCloseTo (tests/e2e/accessoryOverrides.e2e.test.ts:197:28)
      at asyncGeneratorStep (node_modules/@babel/runtime/helpers/asyncToGenerator.js:3:17)
      at _next (node_modules/@babel/runtime/helpers/asyncToGenerator.js:17:9)

ÔÜá´©Å  LENTO 5821ms - E2E: Accessories Overrides -> Margem Financeira aplica globais, override e revert corretamente (\tests\e2e\accessoryOverrides.e2e.test.ts)
  console.log
    ­ƒùæ´©Å  Usu├írio de teste removido: QtTYYnN1PNSnzSK5zKnggENbBU72

      at log (tests/e2e/setup.ts:100:13)

FAIL tests/e2e/stockAlerts.e2e.test.ts (20.71 s)
  E2E: Stock Alerts
    ÔêÜ deve criar alerta CRITICAL quando estoque cai abaixo de 50% do m├¡nimo (2649 ms)
    ÔêÜ deve criar alerta WARNING quando estoque est├í entre 50% e 100% do m├¡nimo (1774 ms)
    ├ù deve resolver alerta automaticamente quando estoque ├® reposto acima do m├¡nimo (2967 ms)
    ÔêÜ N├âO deve criar alerta quando estoque est├í acima do m├¡nimo (1496 ms)

  ÔùÅ E2E: Stock Alerts ÔÇ║ deve resolver alerta automaticamente quando estoque ├® reposto acima do m├¡nimo

    expect(received).toBe(expected) // Object.is equality

    Expected: "resolved"
    Received: undefined

    [0m [90m 231 |[39m     [36mconst[39m alertData [33m=[39m alertSnapshot[33m.[39mdata()[33m;[39m
     [90m 232 |[39m
    [31m[1m>[22m[39m[90m 233 |[39m     
expect(alertData[33m?[39m[33m.[39mstatus)[33m.[39mtoBe([32m'resolved'[39m)[33m;[39m
     [90m     |[39m                               [31m[1m^[22m[39m
     [90m 234 |[39m     expect(alertData[33m?[39m[33m.[39mresolvedAt)[33m.[39mtoBeDefined()[33m;[39m
     [90m 235 |[39m
     [90m 236 |[39m     console[33m.[39mlog([32m'Ô£à Alerta resolvido automaticamente ap├│s 
reposi├º├úo'[39m)[33m;[39m[0m

      at Object.toBe (tests/e2e/stockAlerts.e2e.test.ts:233:31)
      at asyncGeneratorStep (node_modules/@babel/runtime/helpers/asyncToGenerator.js:3:17)
      at _next (node_modules/@babel/runtime/helpers/asyncToGenerator.js:17:9)

ÔÜá´©Å  LENTO 2649ms - E2E: Stock Alerts deve criar alerta CRITICAL quando estoque cai abaixo de 50% do m├¡nimo (\tests\e2e\stockAlerts.e2e.test.ts)
ÔÜá´©Å  LENTO 1774ms - E2E: Stock Alerts deve criar alerta WARNING quando estoque est├í entre 50% e 100% do m├¡nimo (\tests\e2e\stockAlerts.e2e.test.ts)
ÔÜá´©Å  LENTO 2967ms - E2E: Stock Alerts deve resolver alerta automaticamente quando estoque ├® reposto acima do m├¡nimo (\tests\e2e\stockAlerts.e2e.test.ts)
ÔÅ▒´©Å 1496ms - E2E: Stock Alerts N├âO deve criar alerta quando estoque est├í acima do m├¡nimo (\tests\e2e\stockAlerts.e2e.test.ts)
  console.log
    ­ƒùæ´©Å  Usu├írio de teste removido: BHbWa86OUpQqPZ4Qq8zXcyvmaUn2

      at log (tests/e2e/setup.ts:100:13)

PASS tests/e2e/notifications.e2e.test.ts (27.3 s)
  E2E: Notifications
    ÔêÜ deve criar notifica├º├úo cr├¡tica de alerta de estoque (903 ms)
    ÔêÜ deve marcar notifica├º├úo como lida (1162 ms)
    ÔêÜ deve filtrar notifica├º├Áes por status (n├úo lidas) (1816 ms)
    ÔêÜ deve limpar notifica├º├Áes antigas (mais de 30 dias) (2701 ms)
    ÔêÜ deve criar notifica├º├Áes de m├║ltiplos tipos (2636 ms)
    ÔêÜ deve ordenar notifica├º├Áes por data (mais recentes primeiro) (3313 ms)

ÔÅ▒´©Å 903ms - E2E: Notifications deve criar notifica├º├úo cr├¡tica de alerta de estoque (\tests\e2e\notifications.e2e.test.ts)
ÔÅ▒´©Å 1162ms - E2E: Notifications deve marcar notifica├º├úo como lida (\tests\e2e\notifications.e2e.test.ts)
ÔÜá´©Å  LENTO 1816ms - E2E: Notifications deve filtrar notifica├º├Áes por status (n├úo lidas) (\tests\e2e\notifications.e2e.test.ts)
ÔÜá´©Å  LENTO 2701ms - E2E: Notifications deve limpar notifica├º├Áes antigas (mais de 30 dias) (\tests\e2e\notifications.e2e.test.ts)
ÔÜá´©Å  LENTO 2636ms - E2E: Notifications deve criar notifica├º├Áes de m├║ltiplos tipos (\tests\e2e\notifications.e2e.test.ts)
ÔÜá´©Å  LENTO 3313ms - E2E: Notifications deve ordenar notifica├º├Áes por data (mais recentes primeiro) (\tests\e2e\notifications.e2e.test.ts)
  console.log
    Ô£¿ Cole├º├úo 'recipes' limpa (0 documentos removidos)

      at log (tests/e2e/setup.ts:57:11)

  console.log
    Ô£¿ Cole├º├úo 'recipes' limpa (0 documentos removidos)

      at log (tests/e2e/setup.ts:57:11)

